../Src/014i2c_slave_tx_string2.c:24:6:delay	16	static
../Src/014i2c_slave_tx_string2.c:39:6:I2C1_GPIOInits	24	static
../Src/014i2c_slave_tx_string2.c:62:6:I2C1_Inits	8	static
../Src/014i2c_slave_tx_string2.c:74:6:GPIO_ButtonInit	24	static
../Src/014i2c_slave_tx_string2.c:90:5:main	8	static
../Src/014i2c_slave_tx_string2.c:124:6:I2C_ApplicationEventCallback	16	static
../Src/014i2c_slave_tx_string2.c:183:6:I2C1_EV_IRQHandler	8	static
../Src/014i2c_slave_tx_string2.c:191:6:I2C1_ER_IRQHandler	8	static
