00:01:05 **** Incremental Build of configuration Debug for project stm32f4466xx_drivers ****
make -j12 all 
arm-none-eabi-gcc "../Src/005button_interrupt.c" -mcpu=cortex-m4 -std=gnu11 -g3 -DDEBUG -DSTM32 -DSTM32F4 -DSTM32F446RETx -DNUCLEO_F446RE -c -I"D:/Embedded/Driver_development/stm32f4466xx_drivers/drivers/Inc" -I../Inc -O0 -ffunction-sections -fdata-sections -Wall -fstack-usage -fcyclomatic-complexity -MMD -MP -MF"Src/005button_interrupt.d" -MT"Src/005button_interrupt.o" --specs=nano.specs -mfpu=fpv4-sp-d16 -mfloat-abi=hard -mthumb -o "Src/005button_interrupt.o"
arm-none-eabi-gcc -o "stm32f4466xx_drivers.elf" @"objects.list"   -mcpu=cortex-m4 -T"D:\Embedded\Driver_development\stm32f4466xx_drivers\STM32F446RETX_FLASH.ld" --specs=nosys.specs -Wl,-Map="stm32f4466xx_drivers.map" -Wl,--gc-sections -static --specs=nano.specs -mfpu=fpv4-sp-d16 -mfloat-abi=hard -mthumb -Wl,--start-group -lc -lm -Wl,--end-group
Finished building target: stm32f4466xx_drivers.elf
 
arm-none-eabi-size  stm32f4466xx_drivers.elf 
arm-none-eabi-objdump -h -S stm32f4466xx_drivers.elf  > "stm32f4466xx_drivers.list"
   text	   data	    bss	    dec	    hex	filename
   2548	      0	   1568	   4116	   1014	stm32f4466xx_drivers.elf
Finished building: default.size.stdout
 
Finished building: stm32f4466xx_drivers.list
 
00:01:37 **** Incremental Build of configuration Debug for project stm32f4466xx_drivers ****
make -j12 all 
arm-none-eabi-size  stm32f4466xx_drivers.elf 
   text	   data	    bss	    dec	    hex	filename
   2548	      0	   1568	   4116	   1014	stm32f4466xx_drivers.elf
Finished building: default.size.stdout
 
