03:35:22 **** Clean-only build of configuration Debug for project stm32f4466xx_drivers ****
make -j12 clean 
rm -rf ./drivers/Src/stm32f4466xx_gpio_driver.cyclo ./drivers/Src/stm32f4466xx_gpio_driver.d ./drivers/Src/stm32f4466xx_gpio_driver.o ./drivers/Src/stm32f4466xx_gpio_driver.su
rm -rf ./Startup/startup_stm32f446retx.d ./Startup/startup_stm32f446retx.o
rm -rf ./Src/004led_freq.cyclo ./Src/004led_freq.d ./Src/004led_freq.o ./Src/004led_freq.su ./Src/syscalls.cyclo ./Src/syscalls.d ./Src/syscalls.o ./Src/syscalls.su ./Src/sysmem.cyclo ./Src/sysmem.d ./Src/sysmem.o ./Src/sysmem.su
rm -rf default.size.stdout stm32f4466xx_drivers.elf stm32f4466xx_drivers.list stm32f4466xx_drivers.map
 

03:35:23 Build Finished. 0 errors, 0 warnings. (took 1s.217ms)

03:35:23 **** Incremental Build of configuration Debug for project stm32f4466xx_drivers ****
make -j12 all 
arm-none-eabi-gcc "../drivers/Src/stm32f4466xx_gpio_driver.c" -mcpu=cortex-m4 -std=gnu11 -g3 -DDEBUG -DSTM32 -DSTM32F4 -DSTM32F446RETx -DNUCLEO_F446RE -c -I"D:/Embedded/Driver_development/stm32f4466xx_drivers/drivers/Inc" -I../Inc -O0 -ffunction-sections -fdata-sections -Wall -fstack-usage -fcyclomatic-complexity -MMD -MP -MF"drivers/Src/stm32f4466xx_gpio_driver.d" -MT"drivers/Src/stm32f4466xx_gpio_driver.o" --specs=nano.specs -mfpu=fpv4-sp-d16 -mfloat-abi=hard -mthumb -o "drivers/Src/stm32f4466xx_gpio_driver.o"
arm-none-eabi-gcc "../drivers/Src/stm32f4466xx_spi_driver.c" -mcpu=cortex-m4 -std=gnu11 -g3 -DDEBUG -DSTM32 -DSTM32F4 -DSTM32F446RETx -DNUCLEO_F446RE -c -I"D:/Embedded/Driver_development/stm32f4466xx_drivers/drivers/Inc" -I../Inc -O0 -ffunction-sections -fdata-sections -Wall -fstack-usage -fcyclomatic-complexity -MMD -MP -MF"drivers/Src/stm32f4466xx_spi_driver.d" -MT"drivers/Src/stm32f4466xx_spi_driver.o" --specs=nano.specs -mfpu=fpv4-sp-d16 -mfloat-abi=hard -mthumb -o "drivers/Src/stm32f4466xx_spi_driver.o"
arm-none-eabi-gcc -mcpu=cortex-m4 -g3 -DDEBUG -c -x assembler-with-cpp -MMD -MP -MF"Startup/startup_stm32f446retx.d" -MT"Startup/startup_stm32f446retx.o" --specs=nano.specs -mfpu=fpv4-sp-d16 -mfloat-abi=hard -mthumb -o "Startup/startup_stm32f446retx.o" "../Startup/startup_stm32f446retx.s"
arm-none-eabi-gcc "../Src/004led_freq.c" -mcpu=cortex-m4 -std=gnu11 -g3 -DDEBUG -DSTM32 -DSTM32F4 -DSTM32F446RETx -DNUCLEO_F446RE -c -I"D:/Embedded/Driver_development/stm32f4466xx_drivers/drivers/Inc" -I../Inc -O0 -ffunction-sections -fdata-sections -Wall -fstack-usage -fcyclomatic-complexity -MMD -MP -MF"Src/004led_freq.d" -MT"Src/004led_freq.o" --specs=nano.specs -mfpu=fpv4-sp-d16 -mfloat-abi=hard -mthumb -o "Src/004led_freq.o"
arm-none-eabi-gcc "../Src/syscalls.c" -mcpu=cortex-m4 -std=gnu11 -g3 -DDEBUG -DSTM32 -DSTM32F4 -DSTM32F446RETx -DNUCLEO_F446RE -c -I"D:/Embedded/Driver_development/stm32f4466xx_drivers/drivers/Inc" -I../Inc -O0 -ffunction-sections -fdata-sections -Wall -fstack-usage -fcyclomatic-complexity -MMD -MP -MF"Src/syscalls.d" -MT"Src/syscalls.o" --specs=nano.specs -mfpu=fpv4-sp-d16 -mfloat-abi=hard -mthumb -o "Src/syscalls.o"
arm-none-eabi-gcc "../Src/sysmem.c" -mcpu=cortex-m4 -std=gnu11 -g3 -DDEBUG -DSTM32 -DSTM32F4 -DSTM32F446RETx -DNUCLEO_F446RE -c -I"D:/Embedded/Driver_development/stm32f4466xx_drivers/drivers/Inc" -I../Inc -O0 -ffunction-sections -fdata-sections -Wall -fstack-usage -fcyclomatic-complexity -MMD -MP -MF"Src/sysmem.d" -MT"Src/sysmem.o" --specs=nano.specs -mfpu=fpv4-sp-d16 -mfloat-abi=hard -mthumb -o "Src/sysmem.o"
arm-none-eabi-gcc -o "stm32f4466xx_drivers.elf" @"objects.list"   -mcpu=cortex-m4 -T"D:\Embedded\Driver_development\stm32f4466xx_drivers\STM32F446RETX_FLASH.ld" --specs=nosys.specs -Wl,-Map="stm32f4466xx_drivers.map" -Wl,--gc-sections -static --specs=nano.specs -mfpu=fpv4-sp-d16 -mfloat-abi=hard -mthumb -Wl,--start-group -lc -lm -Wl,--end-group
Finished building target: stm32f4466xx_drivers.elf
 
arm-none-eabi-size  stm32f4466xx_drivers.elf 
arm-none-eabi-objdump -h -S stm32f4466xx_drivers.elf  > "stm32f4466xx_drivers.list"
   text	   data	    bss	    dec	    hex	filename
   2008	      0	   1568	   3576	    df8	stm32f4466xx_drivers.elf
Finished building: default.size.stdout
 
Finished building: stm32f4466xx_drivers.list
 
03:35:28 **** Incremental Build of configuration Debug for project stm32f4466xx_drivers ****
make -j12 all 
arm-none-eabi-size  stm32f4466xx_drivers.elf 
   text	   data	    bss	    dec	    hex	filename
   2008	      0	   1568	   3576	    df8	stm32f4466xx_drivers.elf
Finished building: default.size.stdout
 
03:35:28 **** Incremental Build of configuration Debug for project stm32f4466xx_drivers ****
make -j12 all 
arm-none-eabi-size  stm32f4466xx_drivers.elf 
   text	   data	    bss	    dec	    hex	filename
   2008	      0	   1568	   3576	    df8	stm32f4466xx_drivers.elf
Finished building: default.size.stdout
 
