13:25:01 **** Incremental Build of configuration Debug for project stm32f4466xx_drivers ****
make -j12 all 
arm-none-eabi-gcc "../Src/014i2c_slave_tx_string2.c" -mcpu=cortex-m4 -std=gnu11 -g3 -DDEBUG -DSTM32 -DSTM32F4 -DSTM32F446RETx -DNUCLEO_F446RE -c -I"D:/Embedded/Driver_development/stm32f4466xx_drivers/drivers/Inc" -I../Inc -O0 -ffunction-sections -fdata-sections -Wall -fstack-usage -fcyclomatic-complexity -MMD -MP -MF"Src/014i2c_slave_tx_string2.d" -MT"Src/014i2c_slave_tx_string2.o" --specs=nano.specs -mfpu=fpv4-sp-d16 -mfloat-abi=hard -mthumb -o "Src/014i2c_slave_tx_string2.o"
arm-none-eabi-gcc -o "stm32f4466xx_drivers.elf" @"objects.list"   -mcpu=cortex-m4 -T"D:\Embedded\Driver_development\stm32f4466xx_drivers\STM32F446RETX_FLASH.ld" --specs=nosys.specs -Wl,-Map="stm32f4466xx_drivers.map" -Wl,--gc-sections -static -specs=rdimon.specs -lc -lrdimon --specs=nano.specs -mfpu=fpv4-sp-d16 -mfloat-abi=hard -mthumb -Wl,--start-group -lc -lm -Wl,--end-group
Finished building target: stm32f4466xx_drivers.elf
 
arm-none-eabi-size  stm32f4466xx_drivers.elf 
arm-none-eabi-objdump -h -S stm32f4466xx_drivers.elf  > "stm32f4466xx_drivers.list"
   text	   data	    bss	    dec	    hex	filename
   5020	    428	   1620	   7068	   1b9c	stm32f4466xx_drivers.elf
Finished building: default.size.stdout
 
Finished building: stm32f4466xx_drivers.list
 

13:25:02 Build Finished. 0 errors, 0 warnings. (took 769ms)

